// 重构日志: 92a7d779
// 重构日志: 450d9d06
// 重构日志: 104ec548
// 同步 ID: 842b8d53 @ Sun Jul 26 06:58:10 UTC 2026
// 同步 ID: 8d23258f @ Sun Jul 26 15:18:29 UTC 2026
// 同步 ID: aa63a43d @ Sun Jul 26 18:40:54 UTC 2026
// 重构日志: 82d96252
// 重构日志: bbe70c2a
// 重构日志: 53d01dee
// 重构日志: 286a16a4
// 重构日志: b19cb568
// 重构日志: 916614f6
// 重构日志: 28df8870
// 重构日志: fe4376b6
// 重构日志: 88298182
// 重构日志: 7b0b5721
// 重构日志: 9aa59cd3
// 重构日志: dbcb3838
// 同步 ID: 700ec786 @ Sun Aug  2 08:14:26 UTC 2026
// 重构日志: 851d9db6
// 重构日志: 9cc883db
// 重构日志: 3bbafa8c
// 同步 ID: 6d6ff481 @ Wed Aug  5 11:21:25 UTC 2026
// 重构日志: 02a41f0e
// 重构日志: a9817b69
// 同步 ID: dfcbd859 @ Thu Aug  6 03:24:20 UTC 2026
// 重构日志: 540be7f0
// 重构日志: 2a844a22
// 同步 ID: 6dabf00d @ Fri Aug  7 18:13:35 UTC 2026
// 同步 ID: 1d20dc62 @ Sat Aug  8 04:53:26 UTC 2026
